This is pdfTeX, Version 3.14159265-2.6-1.40.15 (TeX Live 2014) (preloaded format=pdflatex 2014.5.25)  3 MAY 2016 09:19
entering extended mode
 restricted \write18 enabled.
 %&-line parsing enabled.
**\input test.tex
(./test.tex
(/usr/local/texlive/2014/texmf-dist/tex/latex/ucbthesis/ucbthesis.cls
Document Class: ucbthesis 2014/04/11 v3.4 University of California, Berkeley Th
esis Class
(/usr/local/texlive/2014/texmf-dist/tex/latex/memoir/memoir.cls
Document Class: memoir 2013/05/30 v3.7b configurable book, report, article docu
ment class
\onelineskip=\skip41
\lxvchars=\skip42
\xlvchars=\skip43
\@memcnta=\count79
\c@@memmarkcntra=\count80
(/usr/local/texlive/2014/texmf-dist/tex/generic/oberdiek/ifpdf.sty
Package: ifpdf 2011/01/30 v2.3 Provides the ifpdf switch (HO)
Package ifpdf Info: pdfTeX in PDF mode is detected.
)
(/usr/local/texlive/2014/texmf-dist/tex/latex/ifetex/ifetex.sty
Package: ifetex 2011/12/15 v1.2 ifetex

(/usr/local/texlive/2014/texmf-dist/tex/plain/ifetex/ifetex.tex))
(/usr/local/texlive/2014/texmf-dist/tex/generic/ifxetex/ifxetex.sty
Package: ifxetex 2010/09/12 v0.6 Provides ifxetex conditional
)
(/usr/local/texlive/2014/texmf-dist/tex/generic/oberdiek/ifluatex.sty
Package: ifluatex 2010/03/01 v1.3 Provides the ifluatex switch (HO)
Package ifluatex Info: LuaTeX not detected.
)
\stockheight=\skip44
\stockwidth=\skip45
\trimtop=\skip46
\trimedge=\skip47

(/usr/local/texlive/2014/texmf-dist/tex/latex/etex-pkg/etex.sty
Package: etex 1998/03/26 v2.0 eTeX basic definition package (PEB)
\et@xins=\count81
)
(/usr/local/texlive/2014/texmf-dist/tex/latex/memoir/mem12.clo
File: mem12.clo 2010/10/19 v0.4b memoir class 12pt size option
)
\binding=\skip48
\spinemargin=\skip49
\foremargin=\skip50
\uppermargin=\skip51
\lowermargin=\skip52
\headdrop=\skip53
\normalrulethickness=\skip54
\mem@maxheadheight=\skip55
\mem@maxfootheight=\skip56
\headwidth=\skip57
\c@storedpagenumber=\count82
\memPD=\dimen102
\m@mabparskip=\skip58
\thanksmarkwidth=\skip59
\thanksmarksep=\skip60
\droptitle=\skip61
\c@book=\count83
\c@part=\count84
\c@chapter=\count85
\c@section=\count86
\c@subsection=\count87
\c@subsubsection=\count88
\c@paragraph=\count89
\c@subparagraph=\count90
\beforechapskip=\skip62
\midchapskip=\skip63
\afterchapskip=\skip64
\chapindent=\skip65
\bottomsectionskip=\skip66
\secindent=\skip67
\beforesecskip=\skip68
\aftersecskip=\skip69
\subsecindent=\skip70
\beforesubsecskip=\skip71
\aftersubsecskip=\skip72
\subsubsecindent=\skip73
\beforesubsubsecskip=\skip74
\aftersubsubsecskip=\skip75
\paraindent=\skip76
\beforeparaskip=\skip77
\afterparaskip=\skip78
\subparaindent=\skip79
\beforesubparaskip=\skip80
\aftersubparaskip=\skip81
\pfbreakskip=\skip82
\c@@ppsavesec=\count91
\c@@ppsaveapp=\count92
\ragrparindent=\dimen103
\everylistparindent=\dimen104
\parsepi=\skip83
\topsepi=\skip84
\itemsepi=\skip85
\parsepii=\skip86
\topsepii=\skip87
\topsepiii=\skip88
\itemsepii=\skip89
\itemsepiii=\skip90
\partopsepii=\skip91
\partopsepiii=\skip92
\m@msavetopsep=\skip93
\m@msavepartopsep=\skip94
\@enLab=\toks14
\abstitleskip=\skip95
\absleftindent=\skip96
\abs@leftindent=\dimen105
\absrightindent=\skip97
\absparindent=\skip98
\absparsep=\skip99
\c@vslineno=\count93
\c@poemline=\count94
\c@modulo@vs=\count95
\c@memfvsline=\count96
\vleftskip=\skip100
\vrightskip=\skip101
\stanzaskip=\skip102
\versewidth=\skip103
\vgap=\skip104
\vindent=\skip105
\vleftmargin=\dimen106
\c@verse=\count97
\c@chrsinstr=\count98
\beforepoemtitleskip=\skip106
\afterpoemtitleskip=\skip107
\c@poem=\count99
\beforePoemTitleskip=\skip108
\midPoemTitleskip=\skip109
\afterPoemTitleskip=\skip110
\col@sep=\dimen107
\extrarowheight=\dimen108
\NC@list=\toks15
\extratabsurround=\skip111
\backup@length=\skip112
\TX@col@width=\dimen109
\TX@old@table=\dimen110
\TX@old@col=\dimen111
\TX@target=\dimen112
\TX@delta=\dimen113
\TX@cols=\count100
\TX@ftn=\toks16
\heavyrulewidth=\dimen114
\lightrulewidth=\dimen115
\cmidrulewidth=\dimen116
\belowrulesep=\dimen117
\belowbottomsep=\dimen118
\aboverulesep=\dimen119
\abovetopsep=\dimen120
\cmidrulesep=\dimen121
\cmidrulekern=\dimen122
\defaultaddspace=\dimen123
\@cmidla=\count101
\@cmidlb=\count102
\@aboverulesep=\dimen124
\@belowrulesep=\dimen125
\@thisruleclass=\count103
\@lastruleclass=\count104
\@thisrulewidth=\dimen126
\ctableftskip=\skip113
\ctabrightskip=\skip114
\abovecolumnspenalty=\count105
\@linestogo=\count106
\@cellstogo=\count107
\@cellsincolumn=\count108
\crtok=\toks17
\@mincolumnwidth=\dimen127
\c@newflo@tctr=\count109
\mem@margin@floatbox=\box26
\@contcwidth=\skip115
\@contindw=\skip116
\abovecaptionskip=\skip117
\belowcaptionskip=\skip118
\subfloattopskip=\skip119
\subfloatcapskip=\skip120
\subfloatcaptopadj=\skip121
\subfloatbottomskip=\skip122
\subfloatlabelskip=\skip123
\subfloatcapmargin=\dimen128
\c@@contsubnum=\count110
\m@mscap@capbox=\box27
\m@mscap@fbox=\box28
\sidecapsep=\dimen129
\sidecapwidth=\dimen130
\m@m@tempdima=\dimen131
\m@mscapraise=\dimen132
\sidecapraise=\dimen133
\m@mscapmainwidth=\dimen134
\m@mscaplkern=\dimen135
\beforeepigraphskip=\skip124
\afterepigraphskip=\skip125
\epigraphwidth=\skip126
\epigraphrule=\skip127
LaTeX Info: Redefining \em on input line 7492.
LaTeX Info: Redefining \emph on input line 7500.
\tocentryskip=\skip128
\tocbaseline=\skip129
\cftparskip=\skip130
\cftbeforebookskip=\skip131
\cftbookindent=\dimen136
\cftbooknumwidth=\dimen137
\cftbeforepartskip=\skip132
\cftpartindent=\skip133
\cftpartnumwidth=\skip134
\cftbeforechapterskip=\skip135
\cftchapterindent=\skip136
\cftchapternumwidth=\skip137
\cftbeforesectionskip=\skip138
\cftsectionindent=\skip139
\cftsectionnumwidth=\skip140
\cftbeforesubsectionskip=\skip141
\cftsubsectionindent=\skip142
\cftsubsectionnumwidth=\skip143
\cftbeforesubsubsectionskip=\skip144
\cftsubsubsectionindent=\skip145
\cftsubsubsectionnumwidth=\skip146
\cftbeforeparagraphskip=\skip147
\cftparagraphindent=\skip148
\cftparagraphnumwidth=\skip149
\cftbeforesubparagraphskip=\skip150
\cftsubparagraphindent=\skip151
\cftsubparagraphnumwidth=\skip152
\prechapterprecisshift=\dimen138
\c@maxsecnumdepth=\count111
\bibindent=\dimen139
\bibitemsep=\skip153
\indexcolsep=\skip154
\indexrule=\skip155
\indexmarkstyle=\toks18
\@indexbox=\insert233
\glossarycolsep=\dimen140
\glossaryrule=\dimen141
\sideparvshift=\skip156
\sideins=\insert232
\sidebartopsep=\skip157
\sidebarhsep=\skip158
\sidebarvsep=\skip159
\sidebarwidth=\skip160
\footmarkwidth=\skip161
\footmarksep=\skip162
\footparindent=\skip163
\footinsdim=\skip164
\footinsv@r=\insert231
\@mpfootinsv@r=\insert230
\m@m@k=\count112
\m@m@h=\dimen142
\m@mipn@skip=\skip165
\sidefootins=\insert229
\sidefootadjust=\skip166
\sidefootheight=\skip167
\sidefoothsep=\skip168
\sidefootvsep=\skip169
\sidefootwidth=\skip170
\m@mdownsf=\skip171
\c@sidefootnote=\count113
\sidefootmarkwidth=\skip172
\sidefootmarksep=\skip173
\sidefootparindent=\skip174
\c@pagenote=\count114
\c@pagenoteshadow=\count115
\mem@pn@lastkern=\skip175
\every@verbatim=\toks19
\afterevery@verbatim=\toks20
\verbatim@line=\toks21
\tab@position=\count116
\verbatim@in@stream=\read1
\verbatimindent=\skip176
\verbatim@out=\write3
\bvboxsep=\skip177
\c@memfbvline=\count117
\c@bvlinectr=\count118
\bvnumlength=\skip178
\fb@frw=\dimen143
\fb@frh=\dimen144
\FrameRule=\dimen145
\FrameSep=\dimen146
\c@cp@cntr=\count119
LaTeX Info: Redefining \: on input line 11958.
LaTeX Info: Redefining \! on input line 11960.
\c@ism@mctr=\count120
\c@xsm@mctr=\count121
\c@csm@mctr=\count122
\c@ksm@mctr=\count123
\c@xksm@mctr=\count124
\c@cksm@mctr=\count125
\c@msm@mctr=\count126
\c@xmsm@mctr=\count127
\c@cmsm@mctr=\count128
\c@bsm@mctr=\count129
\c@workm@mctr=\count130
\c@sheetsequence=\count131
\c@lastsheet=\count132
\c@lastpage=\count133
\c@figure=\count134
\c@lofdepth=\count135
\cftbeforefigureskip=\skip179
\cftfigureindent=\skip180
\cftfigurenumwidth=\skip181
\c@table=\count136
\c@lotdepth=\count137
\cftbeforetableskip=\skip182
\cfttableindent=\skip183
\cfttablenumwidth=\skip184
Package abstract [2008/07/23] emulated by memoir.
Package appendix [2008/07/23] emulated by memoir.
Package array [2008/09/09] emulated by memoir.
Package booktabs [2008/07/23] emulated by memoir.
Package ccaption [2008/07/23] emulated by memoir.
Package changepage [2008/07/23] emulated by memoir.
Package chngcntr [2008/07/23] emulated by memoir.
Package chngpage [2008/07/23] emulated by memoir.
Package crop emulated by memoir.
Package dcolumn [2008/07/23] emulated by memoir.
Package delarray [2008/07/23] emulated by memoir.
Package enumerate [2008/07/23] emulated by memoir.
Package epigraph [2008/07/23] emulated by memoir.
Package ifmtarg [2008/07/23] emulated by memoir.
Package index [2008/07/23] emulated by memoir.
Package makeidx [2008/07/23] emulated by memoir.
Package moreverb [2008/07/23] emulated by memoir.
Package mparhack [2008/07/23] emulated by memoir.
Package needspace [2008/07/23] emulated by memoir.
Package newfile [2008/07/23] emulated by memoir.
Package nextpage [2008/07/23] emulated by memoir.
Package pagenote [2008/07/23] emulated by memoir.
Package parskip [2008/07/23] emulated by memoir.
Package patchcmd [2008/07/23] emulated by memoir.
Package setspace [2008/07/23] emulated by memoir.
Package shortvrb [2008/07/23] emulated by memoir.
Package showidx [2008/07/23] emulated by memoir.
Package tabularx [2008/07/23] emulated by memoir.
Package titleref [2008/07/23] emulated by memoir.
Package titling [2008/07/23] emulated by memoir.
Package tocbibind [2008/07/23] emulated by memoir.
Package tocloft [2008/07/23] emulated by memoir.
Package tocvsec2 [2008/07/23] emulated by memoir.
Package verbatim [2008/07/23] emulated by memoir.
Package verse [2008/07/23] emulated by memoir.

(/usr/local/texlive/2014/texmf-dist/tex/latex/memoir/mempatch.sty
Package: mempatch 2009/07/24 v6.0f Patches for memoir class v1.6180339
)))
(/usr/local/texlive/2014/texmf-dist/tex/latex/amsmath/amsmath.sty
Package: amsmath 2013/01/14 v2.14 AMS math features
\@mathmargin=\skip185

For additional information on amsmath, use the `?' option.
(/usr/local/texlive/2014/texmf-dist/tex/latex/amsmath/amstext.sty
Package: amstext 2000/06/29 v2.01

(/usr/local/texlive/2014/texmf-dist/tex/latex/amsmath/amsgen.sty
File: amsgen.sty 1999/11/30 v2.0
\@emptytoks=\toks22
\ex@=\dimen147
))
(/usr/local/texlive/2014/texmf-dist/tex/latex/amsmath/amsbsy.sty
Package: amsbsy 1999/11/29 v1.2d
\pmbraise@=\dimen148
)
(/usr/local/texlive/2014/texmf-dist/tex/latex/amsmath/amsopn.sty
Package: amsopn 1999/12/14 v2.01 operator names
)
\inf@bad=\count138
LaTeX Info: Redefining \frac on input line 210.
\uproot@=\count139
\leftroot@=\count140
LaTeX Info: Redefining \overline on input line 306.
\classnum@=\count141
\DOTSCASE@=\count142
LaTeX Info: Redefining \ldots on input line 378.
LaTeX Info: Redefining \dots on input line 381.
LaTeX Info: Redefining \cdots on input line 466.
\Mathstrutbox@=\box29
\strutbox@=\box30
\big@size=\dimen149
LaTeX Font Info:    Redeclaring font encoding OML on input line 566.
LaTeX Font Info:    Redeclaring font encoding OMS on input line 567.
\macc@depth=\count143
\c@MaxMatrixCols=\count144
\dotsspace@=\muskip10
\c@parentequation=\count145
\dspbrk@lvl=\count146
\tag@help=\toks23
\row@=\count147
\column@=\count148
\maxfields@=\count149
\andhelp@=\toks24
\eqnshift@=\dimen150
\alignsep@=\dimen151
\tagshift@=\dimen152
\tagwidth@=\dimen153
\totwidth@=\dimen154
\lineht@=\dimen155
\@envbody=\toks25
\multlinegap=\skip186
\multlinetaggap=\skip187
\mathdisplay@stack=\toks26
LaTeX Info: Redefining \[ on input line 2665.
LaTeX Info: Redefining \] on input line 2666.
)
(/usr/local/texlive/2014/texmf-dist/tex/latex/paralist/paralist.sty
Package: paralist 2013/06/09 v2.4 Extended list environments
\pltopsep=\skip188
\plpartopsep=\skip189
\plitemsep=\skip190
\plparsep=\skip191
\pl@lab=\toks27
)
(/usr/local/texlive/2014/texmf-dist/tex/latex/graphics/graphicx.sty
Package: graphicx 2014/04/25 v1.0g Enhanced LaTeX Graphics (DPC,SPQR)

(/usr/local/texlive/2014/texmf-dist/tex/latex/graphics/keyval.sty
Package: keyval 2014/05/08 v1.15 key=value parser (DPC)
\KV@toks@=\toks28
)
(/usr/local/texlive/2014/texmf-dist/tex/latex/graphics/graphics.sty
Package: graphics 2009/02/05 v1.0o Standard LaTeX Graphics (DPC,SPQR)

(/usr/local/texlive/2014/texmf-dist/tex/latex/graphics/trig.sty
Package: trig 1999/03/16 v1.09 sin cos tan (DPC)
)
(/usr/local/texlive/2014/texmf-dist/tex/latex/latexconfig/graphics.cfg
File: graphics.cfg 2010/04/23 v1.9 graphics configuration of TeX Live
)
Package graphics Info: Driver file: pdftex.def on input line 91.

(/usr/local/texlive/2014/texmf-dist/tex/latex/pdftex-def/pdftex.def
File: pdftex.def 2011/05/27 v0.06d Graphics/color for pdfTeX

(/usr/local/texlive/2014/texmf-dist/tex/generic/oberdiek/infwarerr.sty
Package: infwarerr 2010/04/08 v1.3 Providing info/warning/error messages (HO)
)
(/usr/local/texlive/2014/texmf-dist/tex/generic/oberdiek/ltxcmds.sty
Package: ltxcmds 2011/11/09 v1.22 LaTeX kernel commands for general use (HO)
)
\Gread@gobject=\count150
))
\Gin@req@height=\dimen156
\Gin@req@width=\dimen157
)
(/usr/local/texlive/2014/texmf-dist/tex/latex/rotating/rotating.sty
Package: rotating 2009/03/28 v2.16a rotated objects in LaTeX

(/usr/local/texlive/2014/texmf-dist/tex/latex/base/ifthen.sty
Package: ifthen 2001/05/26 v1.1c Standard LaTeX ifthen package (DPC)
)
\c@r@tfl@t=\count151
\rotFPtop=\skip192
\rotFPbot=\skip193
\rot@float@box=\box31
\rot@mess@toks=\toks29
)
(/usr/local/texlive/2014/texmf-dist/tex/latex/biblatex/biblatex.sty
Package: biblatex 2013/11/25 v2.8a programmable bibliographies (PK/JW/AB)


Package biblatex Warning: No "backend" specified, using Biber backend.
(biblatex)                To use BibTeX, load biblatex with 
(biblatex)                the "backend=bibtex" option.

(/usr/local/texlive/2014/texmf-dist/tex/latex/biblatex/biblatex2.sty
Package: biblatex2 2013/11/25 v2.8a programmable bibliographies (biber) (PK/JW/
AB)

(/usr/local/texlive/2014/texmf-dist/tex/latex/etoolbox/etoolbox.sty
Package: etoolbox 2011/01/03 v2.1 e-TeX tools for LaTeX
\etb@tempcnta=\count152
)
(/usr/local/texlive/2014/texmf-dist/tex/latex/oberdiek/kvoptions.sty
Package: kvoptions 2011/06/30 v3.11 Key value format for package options (HO)

(/usr/local/texlive/2014/texmf-dist/tex/generic/oberdiek/kvsetkeys.sty
Package: kvsetkeys 2012/04/25 v1.16 Key value parser (HO)

(/usr/local/texlive/2014/texmf-dist/tex/generic/oberdiek/etexcmds.sty
Package: etexcmds 2011/02/16 v1.5 Avoid name clashes with e-TeX commands (HO)
Package etexcmds Info: Could not find \expanded.
(etexcmds)             That can mean that you are not using pdfTeX 1.50 or
(etexcmds)             that some package has redefined \expanded.
(etexcmds)             In the latter case, load this package earlier.
)))
(/usr/local/texlive/2014/texmf-dist/tex/latex/logreq/logreq.sty
Package: logreq 2010/08/04 v1.0 xml request logger
\lrq@indent=\count153

(/usr/local/texlive/2014/texmf-dist/tex/latex/logreq/logreq.def
File: logreq.def 2010/08/04 v1.0 logreq spec v1.0
))
(/usr/local/texlive/2014/texmf-dist/tex/latex/url/url.sty
\Urlmuskip=\muskip11
Package: url 2013/09/16  ver 3.4  Verb mode for urls, etc.
)
\c@tabx@nest=\count154
\c@listtotal=\count155
\c@listcount=\count156
\c@liststart=\count157
\c@liststop=\count158
\c@citecount=\count159
\c@citetotal=\count160
\c@multicitecount=\count161
\c@multicitetotal=\count162
\c@instcount=\count163
\c@maxnames=\count164
\c@minnames=\count165
\c@maxitems=\count166
\c@minitems=\count167
\c@citecounter=\count168
\c@savedcitecounter=\count169
\c@uniquelist=\count170
\c@uniquename=\count171
\c@refsection=\count172
\c@refsegment=\count173
\c@maxextratitle=\count174
\c@maxextratitleyear=\count175
\c@maxextrayear=\count176
\c@maxextraalpha=\count177
\c@abbrvpenalty=\count178
\c@highnamepenalty=\count179
\c@lownamepenalty=\count180
\c@maxparens=\count181
\c@parenlevel=\count182
\blx@tempcnta=\count183
\blx@tempcntb=\count184
\blx@tempcntc=\count185
\blx@maxsection=\count186
\blx@maxsegment@0=\count187
\blx@notetype=\count188
\blx@parenlevel@text=\count189
\blx@parenlevel@foot=\count190
\blx@sectionciteorder@0=\count191
\labelnumberwidth=\skip194
\labelalphawidth=\skip195
\shorthandwidth=\skip196
\biblabelsep=\skip197
\bibnamesep=\skip198
\bibinitsep=\skip199
\bibparsep=\skip200
\bibhang=\skip201
\blx@bcfin=\read2
\blx@bcfout=\write4
\c@mincomprange=\count192
\c@maxcomprange=\count193
\c@mincompwidth=\count194
Package biblatex Info: Trying to load biblatex default data model...
Package biblatex Info: ... file 'blx-dm.def' found.

(/usr/local/texlive/2014/texmf-dist/tex/latex/biblatex/blx-dm.def)
Package biblatex Info: Trying to load biblatex style data model...
Package biblatex Info: ... file 'nature.dbx' not found.
Package biblatex Info: Trying to load biblatex custom data model...
Package biblatex Info: ... file 'biblatex-dm.cfg' not found.
\c@afterword=\count195
\c@savedafterword=\count196
\c@annotator=\count197
\c@savedannotator=\count198
\c@author=\count199
\c@savedauthor=\count200
\c@bookauthor=\count201
\c@savedbookauthor=\count202
\c@commentator=\count203
\c@savedcommentator=\count204
\c@editor=\count205
\c@savededitor=\count206
\c@editora=\count207
\c@savededitora=\count208
\c@editorb=\count209
\c@savededitorb=\count210
\c@editorc=\count211
\c@savededitorc=\count212
\c@foreword=\count213
\c@savedforeword=\count214
\c@holder=\count215
\c@savedholder=\count216
\c@introduction=\count217
\c@savedintroduction=\count218
\c@namea=\count219
\c@savednamea=\count220
\c@nameb=\count221
\c@savednameb=\count222
\c@namec=\count223
\c@savednamec=\count224
\c@shortauthor=\count225
\c@savedshortauthor=\count226
\c@shorteditor=\count227
\c@savedshorteditor=\count228
Normal \count register pool exhausted, switching to extended pool.
\c@translator=\count277
\c@savedtranslator=\count278
\c@labelname=\count279
\c@savedlabelname=\count280
\c@institution=\count281
\c@savedinstitution=\count282
\c@lista=\count283
\c@savedlista=\count284
\c@listb=\count285
\c@savedlistb=\count286
\c@listc=\count287
\c@savedlistc=\count288
\c@listd=\count289
\c@savedlistd=\count290
\c@liste=\count291
\c@savedliste=\count292
\c@listf=\count293
\c@savedlistf=\count294
\c@location=\count295
\c@savedlocation=\count296
\c@organization=\count297
\c@savedorganization=\count298
\c@origlocation=\count299
\c@savedoriglocation=\count300
\c@origpublisher=\count301
\c@savedorigpublisher=\count302
\c@publisher=\count303
\c@savedpublisher=\count304
\c@language=\count305
\c@savedlanguage=\count306
\c@pageref=\count307
\c@savedpageref=\count308
Package biblatex Info: Trying to load compatibility code...
Package biblatex Info: ... file 'blx-compat.def' found.

(/usr/local/texlive/2014/texmf-dist/tex/latex/biblatex/blx-compat.def
File: blx-compat.def 2013/11/25 v2.8a biblatex compatibility (PK/JW/AB)
)
Package biblatex Info: Trying to load generic definitions...
Package biblatex Info: ... file 'biblatex.def' found.

(/usr/local/texlive/2014/texmf-dist/tex/latex/biblatex/biblatex.def
File: biblatex.def 
\c@textcitecount=\count309
\c@textcitetotal=\count310
\c@textcitemaxnames=\count311
\c@biburlnumpenalty=\count312
\c@biburlucpenalty=\count313
\c@biburllcpenalty=\count314
\c@smartand=\count315
)
Package biblatex Info: Trying to load natbib compatibility...
Package biblatex Info: ... file 'blx-natbib.def' found.

(/usr/local/texlive/2014/texmf-dist/tex/latex/biblatex/blx-natbib.def
File: blx-natbib.def 2013/11/25 v2.8a biblatex compatibility (PK/JW/AB)
)
Package biblatex Info: Trying to load bibliography style 'nature'...
Package biblatex Info: ... file 'nature.bbx' found.

(/usr/local/texlive/2014/texmf-dist/tex/latex/biblatex-nature/nature.bbx
File: nature.bbx 2013/05/20 v1.2e biblatex bibliography style
Package biblatex Info: Trying to load bibliography style 'numeric-comp'...
Package biblatex Info: ... file 'numeric-comp.bbx' found.

(/usr/local/texlive/2014/texmf-dist/tex/latex/biblatex/bbx/numeric-comp.bbx
File: numeric-comp.bbx 2013/11/25 v2.8a biblatex bibliography style (PK/JW/AB)
Package biblatex Info: Trying to load bibliography style 'numeric'...
Package biblatex Info: ... file 'numeric.bbx' found.

(/usr/local/texlive/2014/texmf-dist/tex/latex/biblatex/bbx/numeric.bbx
File: numeric.bbx 2013/11/25 v2.8a biblatex bibliography style (PK/JW/AB)
Package biblatex Info: Trying to load bibliography style 'standard'...
Package biblatex Info: ... file 'standard.bbx' found.

(/usr/local/texlive/2014/texmf-dist/tex/latex/biblatex/bbx/standard.bbx
File: standard.bbx 2013/11/25 v2.8a biblatex bibliography style (PK/JW/AB)
\c@bbx:relatedcount=\count316
\c@bbx:relatedtotal=\count317
))))
Package biblatex Info: Trying to load citation style 'nature'...
Package biblatex Info: ... file 'nature.cbx' found.

(/usr/local/texlive/2014/texmf-dist/tex/latex/biblatex-nature/nature.cbx
File: nature.cbx 2013/05/20 v1.2e biblatex citation style
Package biblatex Info: Trying to load citation style 'numeric-comp'...
Package biblatex Info: ... file 'numeric-comp.cbx' found.

(/usr/local/texlive/2014/texmf-dist/tex/latex/biblatex/cbx/numeric-comp.cbx
File: numeric-comp.cbx 2013/11/25 v2.8a biblatex citation style (PK/JW/AB)
\c@cbx@tempcnta=\count318
\c@cbx@tempcntb=\count319
Package biblatex Info: Redefining '\cite'.
Package biblatex Info: Redefining '\parencite'.
Package biblatex Info: Redefining '\footcite'.
Package biblatex Info: Redefining '\footcitetext'.
Package biblatex Info: Redefining '\smartcite'.
Package biblatex Info: Redefining '\supercite'.
Package biblatex Info: Redefining '\textcite'.
Package biblatex Info: Redefining '\textcites'.
Package biblatex Info: Redefining '\cites'.
Package biblatex Info: Redefining '\parencites'.
Package biblatex Info: Redefining '\smartcites'.
))
Package biblatex Info: Trying to load configuration file...
Package biblatex Info: ... file 'biblatex.cfg' found.

(/usr/local/texlive/2014/texmf-dist/tex/latex/biblatex/biblatex.cfg
File: biblatex.cfg 
)))
Package biblatex Info: Trying to load language 'english'...
Package biblatex Info: ... file 'english.lbx' found.

(/usr/local/texlive/2014/texmf-dist/tex/latex/biblatex/lbx/english.lbx
File: english.lbx 2013/11/25 v2.8a biblatex localization (PK/JW/AB)
)
\@quotelevel=\count320
\@quotereset=\count321

(./test.aux (./abstract.aux) (./intro.aux) (./chap1.aux) (./chap2.aux)
(./chap3.aux) (./conclusion.aux) (./ch1_appendix.aux) (./ch2_appendix.aux))
\openout1 = `test.aux'.

LaTeX Font Info:    Checking defaults for OML/cmm/m/it on input line 27.
LaTeX Font Info:    ... okay on input line 27.
LaTeX Font Info:    Checking defaults for T1/cmr/m/n on input line 27.
LaTeX Font Info:    ... okay on input line 27.
LaTeX Font Info:    Checking defaults for OT1/cmr/m/n on input line 27.
LaTeX Font Info:    ... okay on input line 27.
LaTeX Font Info:    Checking defaults for OMS/cmsy/m/n on input line 27.
LaTeX Font Info:    ... okay on input line 27.
LaTeX Font Info:    Checking defaults for OMX/cmex/m/n on input line 27.
LaTeX Font Info:    ... okay on input line 27.
LaTeX Font Info:    Checking defaults for U/cmr/m/n on input line 27.
LaTeX Font Info:    ... okay on input line 27.


******************************************************
Stock height and width: 794.96999pt by 614.295pt
Top and edge trims: 0pt and 0pt
Page height and width: 794.96999pt by 614.295pt
Text height and width: 606.5pt by 469pt
Spine and edge margins: 72.26999pt and 72.26999pt
Upper and lower margins: 111.76999pt and 76.7pt
Headheight and headsep: 14.5pt and 19.8738pt
Footskip: 30pt
Columnsep and columnseprule: 10pt and 0pt
Marginparsep and marginparwidth: 7pt and 58.26999pt
Sidecapsep and sidecapwidth: 7pt and 50pt
Sidebarhsep and sidebarwidth: 7pt and 50pt
Sidebarvsep and sidebartopsep: 14.5pt and 0pt
Sidebarheight: 546.64995pt
Sidefoothsep and sidefootwidth: 7pt and 50pt
Sidefootvsep and sidefootheight: 14.5pt and 546.64995pt
******************************************************

(/usr/local/texlive/2014/texmf-dist/tex/context/base/supp-pdf.mkii
[Loading MPS to PDF converter (version 2006.09.02).]
\scratchcounter=\count322
\scratchdimen=\dimen158
\scratchbox=\box32
\nofMPsegments=\count323
\nofMParguments=\count324
\everyMPshowfont=\toks30
\MPscratchCnt=\count325
\MPscratchDim=\dimen159
\MPnumerator=\count326
\makeMPintoPDFobject=\count327
\everyMPtoPDFconversion=\toks31
) (/usr/local/texlive/2014/texmf-dist/tex/generic/oberdiek/pdftexcmds.sty
Package: pdftexcmds 2011/11/29 v0.20 Utility functions of pdfTeX for LuaTeX (HO
)
Package pdftexcmds Info: LuaTeX not detected.
Package pdftexcmds Info: \pdf@primitive is available.
Package pdftexcmds Info: \pdf@ifprimitive is available.
Package pdftexcmds Info: \pdfdraftmode found.
)
(/usr/local/texlive/2014/texmf-dist/tex/latex/oberdiek/epstopdf-base.sty
Package: epstopdf-base 2010/02/09 v2.5 Base part for package epstopdf

(/usr/local/texlive/2014/texmf-dist/tex/latex/oberdiek/grfext.sty
Package: grfext 2010/08/19 v1.1 Manage graphics extensions (HO)

(/usr/local/texlive/2014/texmf-dist/tex/generic/oberdiek/kvdefinekeys.sty
Package: kvdefinekeys 2011/04/07 v1.3 Define keys (HO)
))
Package grfext Info: Graphics extension search list:
(grfext)             [.png,.pdf,.jpg,.mps,.jpeg,.jbig2,.jb2,.PNG,.PDF,.JPG,.JPE
G,.JBIG2,.JB2,.eps]
(grfext)             \AppendGraphicsExtensions on input line 452.

(/usr/local/texlive/2014/texmf-dist/tex/latex/latexconfig/epstopdf-sys.cfg
File: epstopdf-sys.cfg 2010/07/13 v1.3 Configuration of (r)epstopdf for TeX Liv
e
))
Package biblatex Info: No input encoding detected.
(biblatex)             Assuming 'ascii'.
Package biblatex Info: Automatic encoding selection.
(biblatex)             Assuming data encoding 'ascii'.
\openout4 = `test.bcf'.

Package biblatex Info: Trying to load bibliographic data...
Package biblatex Info: ... file 'test.bbl' found.

(./test.bbl)
Package biblatex Info: Reference section=0 on input line 27.
Package biblatex Info: Reference segment=0 on input line 27.
 [1

{/usr/local/texlive/2014/texmf-var/fonts/map/pdftex/updmap/pdftex.map}]

Class ucbthesis Warning: The final submitted version should not have an approva
l page on input line 44.

[2] [3]
\openout2 = `abstract.aux'.

 (./abstract.tex [1

]) [1

] (./test.toc
LaTeX Font Info:    Font shape `OT1/cmtt/bx/n' in size <12> not available
(Font)              Font shape `OT1/cmtt/m/n' tried instead on input line 63.
 [2]) [3] (./test.lof) [4

]
(./test.lot) [5

] [6]
\openout2 = `intro.aux'.

 (./intro.tex) [1


]
\openout2 = `chap1.aux'.

 (./chap1.tex
\blx@maxsegment@1=\count328
\blx@sectionciteorder@1=\count329
Package biblatex Info: Reference section=1 on input line 2.
Package biblatex Info: Setting label 'refsection:1' on input line 2.
 [2



] [3] [4] [5] [6]
[7] [8] <figs/fig_pkx-fbeta.pdf, id=70, 576.56696pt x 477.76683pt>
File: figs/fig_pkx-fbeta.pdf Graphic file (type pdf)

<use figs/fig_pkx-fbeta.pdf>
Package pdftex.def Info: figs/fig_pkx-fbeta.pdf used on input line 447.
(pdftex.def)             Requested size: 461.2542pt x 382.21399pt.

<figs/fig_Px.pdf, id=71, 270.00874pt x 270.00874pt>
File: figs/fig_Px.pdf Graphic file (type pdf)
 <use figs/fig_Px.pdf>
Package pdftex.def Info: figs/fig_Px.pdf used on input line 465.
(pdftex.def)             Requested size: 270.00807pt x 270.00807pt.


LaTeX Warning: `!h' float specifier changed to `!ht'.

<figs/fig_dStat(3TP).pdf, id=72, 235.46048pt x 216.81pt>
File: figs/fig_dStat(3TP).pdf Graphic file (type pdf)

<use figs/fig_dStat(3TP).pdf>
Package pdftex.def Info: figs/fig_dStat(3TP).pdf used on input line 482.
(pdftex.def)             Requested size: 235.4599pt x 216.80946pt.


LaTeX Warning: `!h' float specifier changed to `!ht'.

) [9

 <./figs/fig_pkx-fbeta.pdf>] [10 <./figs/fig_Px.pdf>] [11 <./figs/fig_dStat(3TP
).pdf>] [12


] [13] [14]
\openout2 = `chap2.aux'.

 (./chap2.tex
Package biblatex Info: Reference section=0 on input line 2.
\blx@maxsegment@2=\count330
\blx@sectionciteorder@2=\count331
Package biblatex Info: Reference section=2 on input line 2.
Package biblatex Info: Setting label 'refsection:2' on input line 2.
Missing character: There is no â in font cmr12!
Missing character: There is no € in font cmr12!
Missing character: There is no ˜ in font cmr12!
Missing character: There is no â in font cmr12!
Missing character: There is no € in font cmr12!
Missing character: There is no ™ in font cmr12!
Missing character: There is no â in font cmr12!
Missing character: There is no € in font cmr12!
Missing character: There is no ˜ in font cmr12!
Missing character: There is no â in font cmr12!
Missing character: There is no € in font cmr12!
Missing character: There is no ™ in font cmr12!
 [15


]
Missing character: There is no â in font cmr12!
Missing character: There is no € in font cmr12!
Missing character: There is no “ in font cmr12!
 [16]
Missing character: There is no â in font cmr12!
Missing character: There is no € in font cmr12!
Missing character: There is no “ in font cmr12!
 [17]
Missing character: There is no â in font cmr12!
Missing character: There is no € in font cmr12!
Missing character: There is no “ in font cmr12!
Missing character: There is no â in font cmr12!
Missing character: There is no € in font cmr12!
Missing character: There is no “ in font cmr12!
 [18]

LaTeX Warning: Reference `sec:meteCode' on page 19 undefined on input line 289.


[19]
Missing character: There is no â in font cmr12!
Missing character: There is no € in font cmr12!
Missing character: There is no “ in font cmr12!
Missing character: There is no â in font cmr12!
Missing character: There is no ˆ in font cmr12!
Missing character: There is no ’ in font cmr12!
 [20]
Missing character: There is no â in font cmr12!
Missing character: There is no € in font cmr12!
Missing character: There is no ˜ in font cmr12!
Missing character: There is no â in font cmr12!
Missing character: There is no € in font cmr12!
Missing character: There is no ™ in font cmr12!
 [21]
Missing character: There is no â in font cmr12!
Missing character: There is no € in font cmr12!
Missing character: There is no ˜ in font cmr12!
Missing character: There is no â in font cmr12!
Missing character: There is no € in font cmr12!
Missing character: There is no ™ in font cmr12!
 [22] [23] [24]
Missing character: There is no â in font cmr12!
Missing character: There is no € in font cmr12!
Missing character: There is no “ in font cmr12!
Missing character: There is no â in font cmr12!
Missing character: There is no € in font cmr12!
Missing character: There is no “ in font cmr12!
 [25] [26]
<figs/fig_map.pdf, id=285, 1244.65pt x 798.985pt>
File: figs/fig_map.pdf Graphic file (type pdf)
 <use figs/fig_map.pdf>
Package pdftex.def Info: figs/fig_map.pdf used on input line 665.
(pdftex.def)             Requested size: 435.63402pt x 279.64894pt.

<figs/fig_volcanoFst.pdf, id=286, 1289.81876pt x 477.785pt>
File: figs/fig_volcanoFst.pdf Graphic file (type pdf)

<use figs/fig_volcanoFst.pdf>
Package pdftex.def Info: figs/fig_volcanoFst.pdf used on input line 677.
(pdftex.def)             Requested size: 451.44333pt x 167.22725pt.

<figs/fig_degree.pdf, id=287, 1193.45876pt x 787.94376pt>
File: figs/fig_degree.pdf Graphic file (type pdf)

<use figs/fig_degree.pdf>
Package pdftex.def Info: figs/fig_degree.pdf used on input line 700.
(pdftex.def)             Requested size: 417.71683pt x 275.78444pt.

<figs/fig_netMets.pdf, id=288, 720.6925pt x 710.655pt>
File: figs/fig_netMets.pdf Graphic file (type pdf)

<use figs/fig_netMets.pdf>
Package pdftex.def Info: figs/fig_netMets.pdf used on input line 720.
(pdftex.def)             Requested size: 288.2719pt x 284.25696pt.
 [27

 <./figs/fig_map.pdf>] [28 <./figs/fig_volcanoFst.pdf>] [29 <./figs/fig_degree.
pdf>] [30 <./figs/fig_netMets.pdf>]
<figs/tab_amova.pdf, id=343, 661.43793pt x 405.26122pt>
File: figs/tab_amova.pdf Graphic file (type pdf)

<use figs/tab_amova.pdf>
Package pdftex.def Info: figs/tab_amova.pdf used on input line 735.
(pdftex.def)             Requested size: 595.28864pt x 364.73172pt.


LaTeX Warning: `!h' float specifier changed to `!ht'.

) [31

] [32 <./figs/tab_amova.pdf>] [33


] [34]
LaTeX Font Info:    Try loading font information for OML+cmr on input line 118.


(/usr/local/texlive/2014/texmf-dist/tex/latex/base/omlcmr.fd
File: omlcmr.fd 1999/05/25 v2.5h Standard LaTeX font definitions
)
LaTeX Font Info:    Font shape `OML/cmr/m/n' in size <12> not available
(Font)              Font shape `OML/cmm/m/it' tried instead on input line 118.

Overfull \hbox (8.61023pt too wide) in paragraph at lines 119--119
[]\OT1/cmr/m/n/12 O'Grady, P. M. \OT1/cmr/m/it/12 et al. \OT1/cmr/m/n/12 Phy-lo
-ge-netic and eco-log-i-cal re-la-tion-ships of the Hawai-ian Drosophila
 []

[35] [36]
\openout2 = `chap3.aux'.

 (./chap3.tex
Package biblatex Info: Reference section=0 on input line 1.
\blx@maxsegment@3=\count332
\blx@sectionciteorder@3=\count333
Package biblatex Info: Reference section=3 on input line 1.
Package biblatex Info: Setting label 'refsection:3' on input line 1.
LaTeX Font Info:    Font shape `OT1/cmtt/bx/n' in size <24.88> not available
(Font)              Font shape `OT1/cmtt/m/n' tried instead on input line 1.
 [37


] [38]
Overfull \hbox (6.1675pt too wide) in paragraph at lines 159--184
\OT1/cmr/m/n/12 source (GNU Gen-eral Pub-lic Li-cense v2) \OT1/cmtt/m/n/12 R \O
T1/cmr/m/n/12 pack-age, \OT1/cmtt/m/n/12 meteR \OT1/cmr/m/n/12 (ver-sion 1.0; \
OT1/cmtt/m/n/12 cran.r-project.org/ 
 []

[39]
LaTeX Font Info:    Font shape `OT1/cmtt/bx/n' in size <17.28> not available
(Font)              Font shape `OT1/cmtt/m/n' tried instead on input line 195.
 [40] [41]

Package biblatex Warning: Package option 'sortcites' enabled.
(biblatex)                Verify postnote placement on input line 311.

[42] [43]
Overfull \hbox (5.72021pt too wide) in paragraph at lines 473--473
[] \OT1/cmtt/m/n/12 ipd2.z <- logLikZ(ipd2, nrep=999, return.sim=TRUE) # return
 simulated values[] 
 []

[44] [45] <figs/meteR_workflow.pdf, id=434, 617.57079pt x 478.48375pt>
File: figs/meteR_workflow.pdf Graphic file (type pdf)

<use figs/meteR_workflow.pdf>
Package pdftex.def Info: figs/meteR_workflow.pdf used on input line 522.
(pdftex.def)             Requested size: 469.0pt x 363.37398pt.

<figs/meteR_MS_v3-anbo_plot.pdf, id=435, 433.62pt x 198.7425pt>
File: figs/meteR_MS_v3-anbo_plot.pdf Graphic file (type pdf)

<use figs/meteR_MS_v3-anbo_plot.pdf>
Package pdftex.def Info: figs/meteR_MS_v3-anbo_plot.pdf used on input line 542.

(pdftex.def)             Requested size: 351.75pt x 161.22617pt.


LaTeX Warning: `!h' float specifier changed to `!ht'.

<figs/meteR_MS_v3-arth_plot.pdf, id=436, 433.62pt x 289.08pt>
File: figs/meteR_MS_v3-arth_plot.pdf Graphic file (type pdf)

<use figs/meteR_MS_v3-arth_plot.pdf>
Package pdftex.def Info: figs/meteR_MS_v3-arth_plot.pdf used on input line 562.

(pdftex.def)             Requested size: 351.75pt x 234.5108pt.


LaTeX Warning: `!h' float specifier changed to `!ht'.


Overfull \hbox (9.38309pt too wide) in paragraph at lines 592--592
[]|\OT1/cmr/m/n/10.95 Acronym| 
 []


Overfull \hbox (1.43376pt too wide) in paragraph at lines 596--596
[]|\OT1/cmr/m/n/10.95 Distribution| 
 []


Overfull \hbox (1.43376pt too wide) in paragraph at lines 597--597
[]|\OT1/cmr/m/n/10.95 Distribution| 
 []


Overfull \hbox (1.43376pt too wide) in paragraph at lines 598--598
[]|\OT1/cmr/m/n/10.95 Distribution| 
 []


Overfull \hbox (1.43376pt too wide) in paragraph at lines 599--599
[]|\OT1/cmr/m/n/10.95 Distribution| 
 []


Overfull \hbox (2.92416pt too wide) in paragraph at lines 600--600
[]|\OT1/cmr/m/n/10.95 Relationship| 
 []


Overfull \hbox (2.92416pt too wide) in paragraph at lines 601--601
[]|\OT1/cmr/m/n/10.95 Relationship| 
 []


Underfull \hbox (badness 10000) in paragraph at lines 601--602
[]|\OT1/cmtt/m/n/10.95 meteSAR\OT1/cmr/m/n/10.95 ,
 []


Overfull \hbox (15.12042pt too wide) in paragraph at lines 601--602
[]\OT1/cmtt/m/n/10.95 downscaleSAR\OT1/cmr/m/n/10.95 ,
 []


Overfull \hbox (0.58138pt too wide) in paragraph at lines 601--602
[]\OT1/cmtt/m/n/10.95 upscaleSAR| 
 []


Overfull \hbox (2.92416pt too wide) in paragraph at lines 602--602
[]|\OT1/cmr/m/n/10.95 Relationship| 
 []


Underfull \hbox (badness 10000) in paragraph at lines 602--603
[]|[]\OT1/cmtt/m/n/10.95 meteSAR\OT1/cmr/m/n/10.95 ,
 []


Overfull \hbox (12.07875pt too wide) in paragraph at lines 602--603
[]\OT1/cmtt/m/n/10.95 downscaleSAR| 
 []


Overfull \hbox (5.65492pt too wide) in paragraph at lines 590--605
[][] 
 []


LaTeX Warning: `!h' float specifier changed to `!ht'.

) [46

 <./figs/meteR_workflow.pdf>] [47 <./figs/meteR_MS_v3-anbo_plot.pdf>]
[48 <./figs/meteR_MS_v3-arth_plot.pdf>] [49] [50


] [51]
\openout2 = `conclusion.aux'.

 (./conclusion.tex)
[52


]
\openout2 = `ch1_appendix.aux'.

 (./ch1_appendix.tex
Package biblatex Info: Reference section=0 on input line 2.
\blx@maxsegment@4=\count334
\blx@sectionciteorder@4=\count335
Package biblatex Info: Reference section=4 on input line 2.
Package biblatex Info: Setting label 'refsection:4' on input line 2.
 [53



] [54]) [55

] [56


]
\openout2 = `ch2_appendix.aux'.

 (./ch2_appendix.tex
Package biblatex Info: Reference section=0 on input line 2.
\blx@maxsegment@5=\count336
\blx@sectionciteorder@5=\count337
Package biblatex Info: Reference section=5 on input line 2.
Package biblatex Info: Setting label 'refsection:5' on input line 2.
 [57


] [58])
[59

] [60


]
\tf@toc=\write5
\openout5 = `test.toc'.

\tf@lof=\write6
\openout6 = `test.lof'.

\tf@lot=\write7
\openout7 = `test.lot'.

 (./test.aux (./abstract.aux) (./intro.aux) (./chap1.aux) (./chap2.aux) (./chap
3.aux) (./conclusion.aux) (./ch1_appendix.aux) (./ch2_appendix.aux))

LaTeX Warning: There were undefined references.

Package logreq Info: Writing requests to 'test.run.xml'.
\openout1 = `test.run.xml'.

 ) 
Here is how much of TeX's memory you used:
 11386 strings out of 493117
 178021 string characters out of 6135433
 631444 words of memory out of 5000000
 14660 multiletter control sequences out of 15000+600000
 11336 words of font info for 42 fonts, out of 8000000 for 9000
 1141 hyphenation exceptions out of 8191
 48i,15n,53p,2225b,1106s stack positions out of 5000i,500n,10000p,200000b,80000s
</usr/local/texlive/2014/texmf-dist/fonts/type1/public/amsfonts/cm/cmbx12.pfb
></usr/local/texlive/2014/texmf-dist/fonts/type1/public/amsfonts/cm/cmex10.pfb>
</usr/local/texlive/2014/texmf-dist/fonts/type1/public/amsfonts/cm/cmmi10.pfb><
/usr/local/texlive/2014/texmf-dist/fonts/type1/public/amsfonts/cm/cmmi12.pfb></
usr/local/texlive/2014/texmf-dist/fonts/type1/public/amsfonts/cm/cmmi6.pfb></us
r/local/texlive/2014/texmf-dist/fonts/type1/public/amsfonts/cm/cmmi8.pfb></usr/
local/texlive/2014/texmf-dist/fonts/type1/public/amsfonts/cm/cmr10.pfb></usr/lo
cal/texlive/2014/texmf-dist/fonts/type1/public/amsfonts/cm/cmr12.pfb></usr/loca
l/texlive/2014/texmf-dist/fonts/type1/public/amsfonts/cm/cmr6.pfb></usr/local/t
exlive/2014/texmf-dist/fonts/type1/public/amsfonts/cm/cmr8.pfb></usr/local/texl
ive/2014/texmf-dist/fonts/type1/public/amsfonts/cm/cmsy10.pfb></usr/local/texli
ve/2014/texmf-dist/fonts/type1/public/amsfonts/cm/cmsy6.pfb></usr/local/texlive
/2014/texmf-dist/fonts/type1/public/amsfonts/cm/cmsy8.pfb></usr/local/texlive/2
014/texmf-dist/fonts/type1/public/amsfonts/cm/cmti12.pfb></usr/local/texlive/20
14/texmf-dist/fonts/type1/public/amsfonts/cm/cmtt10.pfb></usr/local/texlive/201
4/texmf-dist/fonts/type1/public/amsfonts/cm/cmtt12.pfb>
Output written on test.pdf (70 pages, 3326029 bytes).
PDF statistics:
 595 PDF objects out of 1000 (max. 8388607)
 420 compressed objects within 5 object streams
 0 named destinations out of 1000 (max. 500000)
 56 words of extra memory for PDF output out of 10000 (max. 10000000)

